// Jest Snapshot v1, https://goo.gl/fbAQLP

exports[`setupSSRApp ServiceAccount renders SSR app without error 1`] = `
Object {
  "css": "<style id=\\"react-native-stylesheet\\">[stylesheet-group=\\"0\\"]{}
html{-ms-text-size-adjust:100%;-webkit-text-size-adjust:100%;-webkit-tap-highlight-color:rgba(0,0,0,0);}
body{margin:0;}
button::-moz-focus-inner,input::-moz-focus-inner{border:0;padding:0;}
input::-webkit-inner-spin-button,input::-webkit-outer-spin-button,input::-webkit-search-cancel-button,input::-webkit-search-decoration,input::-webkit-search-results-button,input::-webkit-search-results-decoration{display:none;}
[stylesheet-group=\\"0.1\\"]{}
:focus:not([data-focusvisible-polyfill]){outline: none;}
[stylesheet-group=\\"1\\"]{}
.css-view-1dbjc4n{-ms-flex-align:stretch;-ms-flex-direction:column;-ms-flex-negative:0;-ms-flex-preferred-size:auto;-webkit-align-items:stretch;-webkit-box-align:stretch;-webkit-box-direction:normal;-webkit-box-orient:vertical;-webkit-flex-basis:auto;-webkit-flex-direction:column;-webkit-flex-shrink:0;align-items:stretch;border:0 solid black;box-sizing:border-box;display:-webkit-box;display:-moz-box;display:-ms-flexbox;display:-webkit-flex;display:flex;flex-basis:auto;flex-direction:column;flex-shrink:0;margin-bottom:0px;margin-left:0px;margin-right:0px;margin-top:0px;min-height:0px;min-width:0px;padding-bottom:0px;padding-left:0px;padding-right:0px;padding-top:0px;position:relative;z-index:0;}
.css-text-901oao{border:0 solid black;box-sizing:border-box;color:rgba(0,0,0,1.00);display:inline;font:14px system-ui,-apple-system,BlinkMacSystemFont,\\"Segoe UI\\",Roboto,Ubuntu,\\"Helvetica Neue\\",sans-serif;margin-bottom:0px;margin-left:0px;margin-right:0px;margin-top:0px;padding-bottom:0px;padding-left:0px;padding-right:0px;padding-top:0px;white-space:pre-wrap;word-wrap:break-word;}
[stylesheet-group=\\"2.2\\"]{}
.r-pointerEvents-12vffkv>*{pointer-events:auto;}
.r-pointerEvents-12vffkv{pointer-events:none!important;}</style>",
  "html": "<div class=\\"css-view-1dbjc4n r-pointerEvents-12vffkv\\" style=\\"-webkit-flex-grow:1;flex-grow:1;-webkit-flex-shrink:1;flex-shrink:1;-webkit-flex-basis:0%;flex-basis:0%;-ms-flex-positive:1;-webkit-box-flex:1;-ms-flex-negative:1;-ms-flex-preferred-size:0%\\" data-reactroot=\\"\\"><div class=\\"css-view-1dbjc4n r-pointerEvents-12vffkv\\" style=\\"-webkit-flex-grow:1;flex-grow:1;-webkit-flex-shrink:1;flex-shrink:1;-webkit-flex-basis:0%;flex-basis:0%;-ms-flex-positive:1;-webkit-box-flex:1;-ms-flex-negative:1;-ms-flex-preferred-size:0%\\"><div class=\\"css-view-1dbjc4n\\" style=\\"-webkit-align-items:center;align-items:center;background-color:rgba(255,255,255,1.00);-webkit-flex-grow:1;flex-grow:1;-webkit-flex-shrink:1;flex-shrink:1;-webkit-flex-basis:0%;flex-basis:0%;-webkit-justify-content:center;justify-content:center;-ms-flex-align:center;-webkit-box-align:center;-ms-flex-positive:1;-webkit-box-flex:1;-ms-flex-negative:1;-ms-flex-preferred-size:0%;-ms-flex-pack:center;-webkit-box-pack:center\\"><div dir=\\"auto\\" class=\\"css-text-901oao\\">Open up App.js to start working on your app!</div></div></div></div>",
  "meta": "",
  "response": Object {
    "error": [Error: This page does not exist],
    "statusCode": 404,
  },
  "state": Object {
    "query": Object {},
  },
}
`;
